// Jest Snapshot v1, https://goo.gl/fbAQLP

exports[`Top Panel should render 1`] = `
<div
  class="sc-AxjAm fMYzc"
>
  <div
    class="sc-AxirZ dqVvws"
  >
    5
     Results
  </div>
  <button
    class="sc-AxhUy iJJDLQ"
  >
    Hide sold items
  </button>
  <div>
    <div
      class="sc-AxiKw hQHhPG"
    >
      <img
        class="sc-AxhCb dKRPPF"
        src="full-like.svg"
      />
       
      3
    </div>
  </div>
</div>
`;
