// Jest Snapshot v1, https://goo.gl/fbAQLP

exports[`Top Panel should render 1`] = `
<div
  class="sc-AxjAm fMYzc"
>
  <div
    class="sc-AxirZ dqVvws"
  >
    5
     Results
  </div>
  <button
    class="sc-AxhUy iJJDLQ"
  >
    Hide sold items
  </button>
  <div
    class="sc-AxgMl ecWowd"
  >
    <div
      class="sc-AxiKw hQHhPG"
    >
      <img
        class="sc-AxhCb dKRPPF"
        src="full-like.svg"
      />
       
      3
    </div>
    <div
      class="sc-AxheI hBERmv"
    >
      <li
        class="sc-Axmtr eKrwkX"
      >
        ⤬ New like: 
        Man City shirt
      </li>
      <li
        class="sc-Axmtr eKrwkX"
      >
        ⤬ New like: 
        Buberry slippers
      </li>
      <li
        class="sc-Axmtr eKrwkX"
      >
        ⤬ New like: 
        Rapha top
      </li>
    </div>
  </div>
</div>
`;
