// Jest Snapshot v1, https://goo.gl/fbAQLP

exports[`PageProductList should render 1`] = `
<div>
  <div
    class="sc-AxirZ dmCnmV"
  >
    <div>
       Results
    </div>
    <button>
      Hide sold items
    </button>
    <div>
      <img
        class="sc-AxiKw koNhYh"
        src="full-like.svg"
      />
       
      0
    </div>
  </div>
  <div
    class="sc-AxjAm kdAMH"
  />
</div>
`;
