// Jest Snapshot v1, https://goo.gl/fbAQLP

exports[`PageProductList should render 1`] = `
<div>
  <div
    class="sc-AxirZ fLTukP"
  >
    <div
      class="sc-AxiKw cydMkg"
    >
       Results
    </div>
    <button
      class="sc-AxgMl lnOmBa"
    >
      Hide sold items
    </button>
    <div>
      <div
        class="sc-AxhCb kESVlm"
      >
        <img
          class="sc-AxhUy hTxEcM"
          src="full-like.svg"
        />
         
        0
      </div>
      
    </div>
  </div>
  <div
    class="sc-AxjAm kdAMH"
  />
</div>
`;
